  Identification des projets à restaurer...
  Restauration effectuée de C:\Users\rezpo\projet-iot\projet-iot\projet-iot.Core\projet-iot.Core.csproj (en 8,63 sec).
  Restauration effectuée de C:\Users\rezpo\projet-iot\projet-iot\projet-iot.F7\projet-iot.F7.csproj (en 18,66 sec).
  Restauration effectuée de C:\Users\rezpo\projet-iot\projet-iot\projet-iot.RPi\projet-iot.RPi.csproj (en 39,56 sec).
  Restauration effectuée de C:\Users\rezpo\projet-iot\projet-iot\projet-iot.Desktop\projet-iot.Desktop.csproj (en 48,46 sec).
C:\Users\rezpo\projet-iot\projet-iot\projet-iot.Core\MainController.cs(26,12): warning CS8618: Le champ « hardware » non-nullable doit contenir une valeur autre que Null lors de la fermeture du constructeur. Envisagez d’ajouter le modificateur « required » ou de déclarer le champ comme pouvant accepter la valeur Null. [C:\Users\rezpo\projet-iot\projet-iot\projet-iot.Core\projet-iot.Core.csproj]
C:\Users\rezpo\projet-iot\projet-iot\projet-iot.Core\MainController.cs(26,12): warning CS8618: Le champ « cloudController » non-nullable doit contenir une valeur autre que Null lors de la fermeture du constructeur. Envisagez d’ajouter le modificateur « required » ou de déclarer le champ comme pouvant accepter la valeur Null. [C:\Users\rezpo\projet-iot\projet-iot\projet-iot.Core\projet-iot.Core.csproj]
C:\Users\rezpo\projet-iot\projet-iot\projet-iot.Core\MainController.cs(26,12): warning CS8618: Le champ « configurationController » non-nullable doit contenir une valeur autre que Null lors de la fermeture du constructeur. Envisagez d’ajouter le modificateur « required » ou de déclarer le champ comme pouvant accepter la valeur Null. [C:\Users\rezpo\projet-iot\projet-iot\projet-iot.Core\projet-iot.Core.csproj]
C:\Users\rezpo\projet-iot\projet-iot\projet-iot.Core\MainController.cs(26,12): warning CS8618: Le champ « displayController » non-nullable doit contenir une valeur autre que Null lors de la fermeture du constructeur. Envisagez d’ajouter le modificateur « required » ou de déclarer le champ comme pouvant accepter la valeur Null. [C:\Users\rezpo\projet-iot\projet-iot\projet-iot.Core\projet-iot.Core.csproj]
C:\Users\rezpo\projet-iot\projet-iot\projet-iot.Core\MainController.cs(26,12): warning CS8618: Le champ « inputController » non-nullable doit contenir une valeur autre que Null lors de la fermeture du constructeur. Envisagez d’ajouter le modificateur « required » ou de déclarer le champ comme pouvant accepter la valeur Null. [C:\Users\rezpo\projet-iot\projet-iot\projet-iot.Core\projet-iot.Core.csproj]
C:\Users\rezpo\projet-iot\projet-iot\projet-iot.Core\MainController.cs(26,12): warning CS8618: Le champ « sensorController » non-nullable doit contenir une valeur autre que Null lors de la fermeture du constructeur. Envisagez d’ajouter le modificateur « required » ou de déclarer le champ comme pouvant accepter la valeur Null. [C:\Users\rezpo\projet-iot\projet-iot\projet-iot.Core\projet-iot.Core.csproj]
C:\Users\rezpo\projet-iot\projet-iot\projet-iot.Core\Controllers\DisplayController.cs(26,12): warning CS8618: Le champ « displayTempLabel » non-nullable doit contenir une valeur autre que Null lors de la fermeture du constructeur. Envisagez d’ajouter le modificateur « required » ou de déclarer le champ comme pouvant accepter la valeur Null. [C:\Users\rezpo\projet-iot\projet-iot\projet-iot.Core\projet-iot.Core.csproj]
C:\Users\rezpo\projet-iot\projet-iot\projet-iot.Core\Controllers\DisplayController.cs(26,12): warning CS8618: Le champ « networkIcon » non-nullable doit contenir une valeur autre que Null lors de la fermeture du constructeur. Envisagez d’ajouter le modificateur « required » ou de déclarer le champ comme pouvant accepter la valeur Null. [C:\Users\rezpo\projet-iot\projet-iot\projet-iot.Core\projet-iot.Core.csproj]
C:\Users\rezpo\projet-iot\projet-iot\projet-iot.Core\Controllers\DisplayController.cs(26,12): warning CS8618: Le champ « connectedImage » non-nullable doit contenir une valeur autre que Null lors de la fermeture du constructeur. Envisagez d’ajouter le modificateur « required » ou de déclarer le champ comme pouvant accepter la valeur Null. [C:\Users\rezpo\projet-iot\projet-iot\projet-iot.Core\projet-iot.Core.csproj]
C:\Users\rezpo\projet-iot\projet-iot\projet-iot.Core\Controllers\DisplayController.cs(26,12): warning CS8618: Le champ « disconnectedImage » non-nullable doit contenir une valeur autre que Null lors de la fermeture du constructeur. Envisagez d’ajouter le modificateur « required » ou de déclarer le champ comme pouvant accepter la valeur Null. [C:\Users\rezpo\projet-iot\projet-iot\projet-iot.Core\projet-iot.Core.csproj]
C:\Users\rezpo\projet-iot\projet-iot\projet-iot.Core\Controllers\InputController.cs(10,32): warning CS0067: L'événement 'InputController.UnitUpRequested' n'est jamais utilisé [C:\Users\rezpo\projet-iot\projet-iot\projet-iot.Core\projet-iot.Core.csproj]
  projet-iot.Core -> C:\Users\rezpo\projet-iot\projet-iot\projet-iot.Core\bin\Debug\netstandard2.1\projet-iot.Core.dll
C:\Users\rezpo\projet-iot\projet-iot\projet-iot.F7\Apps\MeadowProjectLabApp.cs(11,28): warning CS8618: Le champ « mainController » non-nullable doit contenir une valeur autre que Null lors de la fermeture du constructeur. Envisagez d’ajouter le modificateur « required » ou de déclarer le champ comme pouvant accepter la valeur Null. [C:\Users\rezpo\projet-iot\projet-iot\projet-iot.F7\projet-iot.F7.csproj]
C:\Users\rezpo\projet-iot\projet-iot\projet-iot.F7\Apps\MeadowF7FeatherApp.cs(11,28): warning CS8618: Le champ « mainController » non-nullable doit contenir une valeur autre que Null lors de la fermeture du constructeur. Envisagez d’ajouter le modificateur « required » ou de déclarer le champ comme pouvant accepter la valeur Null. [C:\Users\rezpo\projet-iot\projet-iot\projet-iot.F7\projet-iot.F7.csproj]
C:\Users\rezpo\projet-iot\projet-iot\projet-iot.F7\Controllers\NetworkController.cs(22,9): warning CS8602: Déréférencement d'une éventuelle référence null. [C:\Users\rezpo\projet-iot\projet-iot\projet-iot.F7\projet-iot.F7.csproj]
C:\Users\rezpo\projet-iot\projet-iot\projet-iot.F7\Controllers\NetworkController.cs(38,16): warning CS8602: Déréférencement d'une éventuelle référence null. [C:\Users\rezpo\projet-iot\projet-iot\projet-iot.F7\projet-iot.F7.csproj]
C:\Users\rezpo\projet-iot\projet-iot\projet-iot.F7\Hardware\projet-iotProjectLabHardware.cs(36,49): warning CS8604: Existence possible d'un argument de référence null pour le paramètre 'led' dans 'OutputController.OutputController(IRgbLed led)'. [C:\Users\rezpo\projet-iot\projet-iot\projet-iot.F7\projet-iot.F7.csproj]
C:\Users\rezpo\projet-iot\projet-iot\projet-iot.F7\Controllers\NetworkController.cs(43,15): warning CS8602: Déréférencement d'une éventuelle référence null. [C:\Users\rezpo\projet-iot\projet-iot\projet-iot.F7\projet-iot.F7.csproj]
C:\Users\rezpo\projet-iot\projet-iot\projet-iot.F7\Controllers\NetworkController.cs(14,32): warning CS0067: L'événement 'NetworkController.NetworkStatusChanged' n'est jamais utilisé [C:\Users\rezpo\projet-iot\projet-iot\projet-iot.F7\projet-iot.F7.csproj]
  projet-iot.F7 -> C:\Users\rezpo\projet-iot\projet-iot\projet-iot.F7\bin\Debug\netstandard2.1\App.dll
C:\Users\rezpo\projet-iot\projet-iot\projet-iot.RPi\App\MeadowApp.cs(12,32): warning CS8618: Le champ « hardware » non-nullable doit contenir une valeur autre que Null lors de la fermeture du constructeur. Envisagez d’ajouter le modificateur « required » ou de déclarer le champ comme pouvant accepter la valeur Null. [C:\Users\rezpo\projet-iot\projet-iot\projet-iot.RPi\projet-iot.RPi.csproj]
C:\Users\rezpo\projet-iot\projet-iot\projet-iot.RPi\App\MeadowApp.cs(13,28): warning CS8618: Le champ « mainController » non-nullable doit contenir une valeur autre que Null lors de la fermeture du constructeur. Envisagez d’ajouter le modificateur « required » ou de déclarer le champ comme pouvant accepter la valeur Null. [C:\Users\rezpo\projet-iot\projet-iot\projet-iot.RPi\projet-iot.RPi.csproj]
C:\Users\rezpo\projet-iot\projet-iot\projet-iot.Desktop\App\MeadowApp.cs(12,28): warning CS8618: Le champ « mainController » non-nullable doit contenir une valeur autre que Null lors de la fermeture du constructeur. Envisagez d’ajouter le modificateur « required » ou de déclarer le champ comme pouvant accepter la valeur Null. [C:\Users\rezpo\projet-iot\projet-iot\projet-iot.Desktop\projet-iot.Desktop.csproj]
  projet-iot.Desktop -> C:\Users\rezpo\projet-iot\projet-iot\projet-iot.Desktop\bin\Debug\net8.0\projet-iot.Desktop.dll
  projet-iot.RPi -> C:\Users\rezpo\projet-iot\projet-iot\projet-iot.RPi\bin\Debug\net8.0\projet-iot.RPi.dll

La génération a réussi.

C:\Users\rezpo\projet-iot\projet-iot\projet-iot.Core\MainController.cs(26,12): warning CS8618: Le champ « hardware » non-nullable doit contenir une valeur autre que Null lors de la fermeture du constructeur. Envisagez d’ajouter le modificateur « required » ou de déclarer le champ comme pouvant accepter la valeur Null. [C:\Users\rezpo\projet-iot\projet-iot\projet-iot.Core\projet-iot.Core.csproj]
C:\Users\rezpo\projet-iot\projet-iot\projet-iot.Core\MainController.cs(26,12): warning CS8618: Le champ « cloudController » non-nullable doit contenir une valeur autre que Null lors de la fermeture du constructeur. Envisagez d’ajouter le modificateur « required » ou de déclarer le champ comme pouvant accepter la valeur Null. [C:\Users\rezpo\projet-iot\projet-iot\projet-iot.Core\projet-iot.Core.csproj]
C:\Users\rezpo\projet-iot\projet-iot\projet-iot.Core\MainController.cs(26,12): warning CS8618: Le champ « configurationController » non-nullable doit contenir une valeur autre que Null lors de la fermeture du constructeur. Envisagez d’ajouter le modificateur « required » ou de déclarer le champ comme pouvant accepter la valeur Null. [C:\Users\rezpo\projet-iot\projet-iot\projet-iot.Core\projet-iot.Core.csproj]
C:\Users\rezpo\projet-iot\projet-iot\projet-iot.Core\MainController.cs(26,12): warning CS8618: Le champ « displayController » non-nullable doit contenir une valeur autre que Null lors de la fermeture du constructeur. Envisagez d’ajouter le modificateur « required » ou de déclarer le champ comme pouvant accepter la valeur Null. [C:\Users\rezpo\projet-iot\projet-iot\projet-iot.Core\projet-iot.Core.csproj]
C:\Users\rezpo\projet-iot\projet-iot\projet-iot.Core\MainController.cs(26,12): warning CS8618: Le champ « inputController » non-nullable doit contenir une valeur autre que Null lors de la fermeture du constructeur. Envisagez d’ajouter le modificateur « required » ou de déclarer le champ comme pouvant accepter la valeur Null. [C:\Users\rezpo\projet-iot\projet-iot\projet-iot.Core\projet-iot.Core.csproj]
C:\Users\rezpo\projet-iot\projet-iot\projet-iot.Core\MainController.cs(26,12): warning CS8618: Le champ « sensorController » non-nullable doit contenir une valeur autre que Null lors de la fermeture du constructeur. Envisagez d’ajouter le modificateur « required » ou de déclarer le champ comme pouvant accepter la valeur Null. [C:\Users\rezpo\projet-iot\projet-iot\projet-iot.Core\projet-iot.Core.csproj]
C:\Users\rezpo\projet-iot\projet-iot\projet-iot.Core\Controllers\DisplayController.cs(26,12): warning CS8618: Le champ « displayTempLabel » non-nullable doit contenir une valeur autre que Null lors de la fermeture du constructeur. Envisagez d’ajouter le modificateur « required » ou de déclarer le champ comme pouvant accepter la valeur Null. [C:\Users\rezpo\projet-iot\projet-iot\projet-iot.Core\projet-iot.Core.csproj]
C:\Users\rezpo\projet-iot\projet-iot\projet-iot.Core\Controllers\DisplayController.cs(26,12): warning CS8618: Le champ « networkIcon » non-nullable doit contenir une valeur autre que Null lors de la fermeture du constructeur. Envisagez d’ajouter le modificateur « required » ou de déclarer le champ comme pouvant accepter la valeur Null. [C:\Users\rezpo\projet-iot\projet-iot\projet-iot.Core\projet-iot.Core.csproj]
C:\Users\rezpo\projet-iot\projet-iot\projet-iot.Core\Controllers\DisplayController.cs(26,12): warning CS8618: Le champ « connectedImage » non-nullable doit contenir une valeur autre que Null lors de la fermeture du constructeur. Envisagez d’ajouter le modificateur « required » ou de déclarer le champ comme pouvant accepter la valeur Null. [C:\Users\rezpo\projet-iot\projet-iot\projet-iot.Core\projet-iot.Core.csproj]
C:\Users\rezpo\projet-iot\projet-iot\projet-iot.Core\Controllers\DisplayController.cs(26,12): warning CS8618: Le champ « disconnectedImage » non-nullable doit contenir une valeur autre que Null lors de la fermeture du constructeur. Envisagez d’ajouter le modificateur « required » ou de déclarer le champ comme pouvant accepter la valeur Null. [C:\Users\rezpo\projet-iot\projet-iot\projet-iot.Core\projet-iot.Core.csproj]
C:\Users\rezpo\projet-iot\projet-iot\projet-iot.Core\Controllers\InputController.cs(10,32): warning CS0067: L'événement 'InputController.UnitUpRequested' n'est jamais utilisé [C:\Users\rezpo\projet-iot\projet-iot\projet-iot.Core\projet-iot.Core.csproj]
C:\Users\rezpo\projet-iot\projet-iot\projet-iot.F7\Apps\MeadowProjectLabApp.cs(11,28): warning CS8618: Le champ « mainController » non-nullable doit contenir une valeur autre que Null lors de la fermeture du constructeur. Envisagez d’ajouter le modificateur « required » ou de déclarer le champ comme pouvant accepter la valeur Null. [C:\Users\rezpo\projet-iot\projet-iot\projet-iot.F7\projet-iot.F7.csproj]
C:\Users\rezpo\projet-iot\projet-iot\projet-iot.F7\Apps\MeadowF7FeatherApp.cs(11,28): warning CS8618: Le champ « mainController » non-nullable doit contenir une valeur autre que Null lors de la fermeture du constructeur. Envisagez d’ajouter le modificateur « required » ou de déclarer le champ comme pouvant accepter la valeur Null. [C:\Users\rezpo\projet-iot\projet-iot\projet-iot.F7\projet-iot.F7.csproj]
C:\Users\rezpo\projet-iot\projet-iot\projet-iot.F7\Controllers\NetworkController.cs(22,9): warning CS8602: Déréférencement d'une éventuelle référence null. [C:\Users\rezpo\projet-iot\projet-iot\projet-iot.F7\projet-iot.F7.csproj]
C:\Users\rezpo\projet-iot\projet-iot\projet-iot.F7\Controllers\NetworkController.cs(38,16): warning CS8602: Déréférencement d'une éventuelle référence null. [C:\Users\rezpo\projet-iot\projet-iot\projet-iot.F7\projet-iot.F7.csproj]
C:\Users\rezpo\projet-iot\projet-iot\projet-iot.F7\Hardware\projet-iotProjectLabHardware.cs(36,49): warning CS8604: Existence possible d'un argument de référence null pour le paramètre 'led' dans 'OutputController.OutputController(IRgbLed led)'. [C:\Users\rezpo\projet-iot\projet-iot\projet-iot.F7\projet-iot.F7.csproj]
C:\Users\rezpo\projet-iot\projet-iot\projet-iot.F7\Controllers\NetworkController.cs(43,15): warning CS8602: Déréférencement d'une éventuelle référence null. [C:\Users\rezpo\projet-iot\projet-iot\projet-iot.F7\projet-iot.F7.csproj]
C:\Users\rezpo\projet-iot\projet-iot\projet-iot.F7\Controllers\NetworkController.cs(14,32): warning CS0067: L'événement 'NetworkController.NetworkStatusChanged' n'est jamais utilisé [C:\Users\rezpo\projet-iot\projet-iot\projet-iot.F7\projet-iot.F7.csproj]
C:\Users\rezpo\projet-iot\projet-iot\projet-iot.RPi\App\MeadowApp.cs(12,32): warning CS8618: Le champ « hardware » non-nullable doit contenir une valeur autre que Null lors de la fermeture du constructeur. Envisagez d’ajouter le modificateur « required » ou de déclarer le champ comme pouvant accepter la valeur Null. [C:\Users\rezpo\projet-iot\projet-iot\projet-iot.RPi\projet-iot.RPi.csproj]
C:\Users\rezpo\projet-iot\projet-iot\projet-iot.RPi\App\MeadowApp.cs(13,28): warning CS8618: Le champ « mainController » non-nullable doit contenir une valeur autre que Null lors de la fermeture du constructeur. Envisagez d’ajouter le modificateur « required » ou de déclarer le champ comme pouvant accepter la valeur Null. [C:\Users\rezpo\projet-iot\projet-iot\projet-iot.RPi\projet-iot.RPi.csproj]
C:\Users\rezpo\projet-iot\projet-iot\projet-iot.Desktop\App\MeadowApp.cs(12,28): warning CS8618: Le champ « mainController » non-nullable doit contenir une valeur autre que Null lors de la fermeture du constructeur. Envisagez d’ajouter le modificateur « required » ou de déclarer le champ comme pouvant accepter la valeur Null. [C:\Users\rezpo\projet-iot\projet-iot\projet-iot.Desktop\projet-iot.Desktop.csproj]
    21 Avertissement(s)
    0 Erreur(s)

Temps écoulé 00:00:58.00
